MPLINK 4.35, Linker
Linker Map File - Created Tue May 16 11:25:54 2017

                                 Section Info
                  Section       Type    Address   Location Size(Bytes)
                ---------  ---------  ---------  ---------  ---------
                   .org_0       code   0x000000    program   0x000026
                   .cinit    romdata   0x000013    program   0x000004
                MAIN_PROG       code   0x000015    program   0x000000



                              Program Memory Usage 
                               Start         End      
                           ---------   ---------      
                            0x000000    0x000014      
            21 out of 8453 program addresses used, program memory utilization is 0%



                              Symbols - Sorted by Name
                     Name    Address   Location    Storage File                     
                ---------  ---------  ---------  --------- ---------                
                    START   0x000015    program     static C:\Users\sng\Documents\GitHub\PIC16F887-Labs\Lab 1\Lab 1.asm
                     _end   0x000013    program     static C:\Users\sng\Documents\GitHub\PIC16F887-Labs\Lab 1\Lab 1.asm
                    reset   0x000015    program     static C:\Users\sng\Documents\GitHub\PIC16F887-Labs\Lab 1\Lab 1.asm
                    setup   0x000001    program     static C:\Users\sng\Documents\GitHub\PIC16F887-Labs\Lab 1\Lab 1.asm
                switchOff   0x00000b    program     static C:\Users\sng\Documents\GitHub\PIC16F887-Labs\Lab 1\Lab 1.asm
                   toggle   0x00000e    program     static C:\Users\sng\Documents\GitHub\PIC16F887-Labs\Lab 1\Lab 1.asm
         waitForSwitchOff   0x00000f    program     static C:\Users\sng\Documents\GitHub\PIC16F887-Labs\Lab 1\Lab 1.asm



                              Symbols - Sorted by Address
                     Name    Address   Location    Storage File                     
                ---------  ---------  ---------  --------- ---------                
                    setup   0x000001    program     static C:\Users\sng\Documents\GitHub\PIC16F887-Labs\Lab 1\Lab 1.asm
                switchOff   0x00000b    program     static C:\Users\sng\Documents\GitHub\PIC16F887-Labs\Lab 1\Lab 1.asm
                   toggle   0x00000e    program     static C:\Users\sng\Documents\GitHub\PIC16F887-Labs\Lab 1\Lab 1.asm
         waitForSwitchOff   0x00000f    program     static C:\Users\sng\Documents\GitHub\PIC16F887-Labs\Lab 1\Lab 1.asm
                     _end   0x000013    program     static C:\Users\sng\Documents\GitHub\PIC16F887-Labs\Lab 1\Lab 1.asm
                    START   0x000015    program     static C:\Users\sng\Documents\GitHub\PIC16F887-Labs\Lab 1\Lab 1.asm
                    reset   0x000015    program     static C:\Users\sng\Documents\GitHub\PIC16F887-Labs\Lab 1\Lab 1.asm


