MPLINK 4.35, Linker
Linker Map File - Created Mon May 15 23:06:47 2017

                                 Section Info
                  Section       Type    Address   Location Size(Bytes)
                ---------  ---------  ---------  ---------  ---------
                   .org_0       code   0x000000    program   0x00002c
                   .cinit    romdata   0x001800    program   0x000004
                MAIN_PROG       code   0x001802    program   0x000000



                              Program Memory Usage 
                               Start         End      
                           ---------   ---------      
                            0x000000    0x000015      
                            0x001800    0x001801      
            24 out of 8453 program addresses used, program memory utilization is 0%



                              Symbols - Sorted by Name
                     Name    Address   Location    Storage File                     
                ---------  ---------  ---------  --------- ---------                
                    START   0x001802    program     static E:\Users\sng\Documents\GitHub\PIC16F877-Labs\Lab 1\Lab 1.asm
                     _end   0x000016    program     static E:\Users\sng\Documents\GitHub\PIC16F877-Labs\Lab 1\Lab 1.asm
                    reset   0x001802    program     static E:\Users\sng\Documents\GitHub\PIC16F877-Labs\Lab 1\Lab 1.asm
                    setup   0x000001    program     static E:\Users\sng\Documents\GitHub\PIC16F877-Labs\Lab 1\Lab 1.asm
                switchOff   0x000010    program     static E:\Users\sng\Documents\GitHub\PIC16F877-Labs\Lab 1\Lab 1.asm
                   toggle   0x000012    program     static E:\Users\sng\Documents\GitHub\PIC16F877-Labs\Lab 1\Lab 1.asm
         waitForSwitchOff   0x000013    program     static E:\Users\sng\Documents\GitHub\PIC16F877-Labs\Lab 1\Lab 1.asm



                              Symbols - Sorted by Address
                     Name    Address   Location    Storage File                     
                ---------  ---------  ---------  --------- ---------                
                    setup   0x000001    program     static E:\Users\sng\Documents\GitHub\PIC16F877-Labs\Lab 1\Lab 1.asm
                switchOff   0x000010    program     static E:\Users\sng\Documents\GitHub\PIC16F877-Labs\Lab 1\Lab 1.asm
                   toggle   0x000012    program     static E:\Users\sng\Documents\GitHub\PIC16F877-Labs\Lab 1\Lab 1.asm
         waitForSwitchOff   0x000013    program     static E:\Users\sng\Documents\GitHub\PIC16F877-Labs\Lab 1\Lab 1.asm
                     _end   0x000016    program     static E:\Users\sng\Documents\GitHub\PIC16F877-Labs\Lab 1\Lab 1.asm
                    START   0x001802    program     static E:\Users\sng\Documents\GitHub\PIC16F877-Labs\Lab 1\Lab 1.asm
                    reset   0x001802    program     static E:\Users\sng\Documents\GitHub\PIC16F877-Labs\Lab 1\Lab 1.asm


