MPLINK 5.08, LINKER
Linker Map File - Created Mon May 08 20:12:29 2017

                                 Section Info
                  Section       Type    Address   Location Size(Bytes)
                ---------  ---------  ---------  ---------  ---------
                   .org_0       code   0x000000    program   0x000002
                   .cinit    romdata   0x000001    program   0x000004
                MAIN_PROG       code   0x000003    program   0x000000
                   .org_1       code   0x000004    program   0x000056



                              Program Memory Usage 
                               Start         End      
                           ---------   ---------      
                            0x000000    0x000002      
                            0x000004    0x00002e      
            46 out of 8455 program addresses used, program memory utilization is 0%



                              Symbols - Sorted by Name
                     Name    Address   Location    Storage File                     
                ---------  ---------  ---------  --------- ---------                
                    START   0x000003    program     static E:\Users\sng\Documents\GitHub\PIC16F887-Labs\Lab 1\Main.asm
                     _end   0x00002f    program     static E:\Users\sng\Documents\GitHub\PIC16F887-Labs\Lab 1\Main.asm
              checkChange   0x00001c    program     static E:\Users\sng\Documents\GitHub\PIC16F887-Labs\Lab 1\Main.asm
                      int   0x000001    program     static E:\Users\sng\Documents\GitHub\PIC16F887-Labs\Lab 1\Main.asm
                      isr   0x00002b    program     static E:\Users\sng\Documents\GitHub\PIC16F887-Labs\Lab 1\Main.asm
                   ledOff   0x000023    program     static E:\Users\sng\Documents\GitHub\PIC16F887-Labs\Lab 1\Main.asm
                    ledOn   0x000021    program     static E:\Users\sng\Documents\GitHub\PIC16F887-Labs\Lab 1\Main.asm
                     main   0x000012    program     static E:\Users\sng\Documents\GitHub\PIC16F887-Labs\Lab 1\Main.asm
                    reset   0x000003    program     static E:\Users\sng\Documents\GitHub\PIC16F887-Labs\Lab 1\Main.asm
                    setup   0x000005    program     static E:\Users\sng\Documents\GitHub\PIC16F887-Labs\Lab 1\Main.asm
                    store   0x000025    program     static E:\Users\sng\Documents\GitHub\PIC16F887-Labs\Lab 1\Main.asm



                              Symbols - Sorted by Address
                     Name    Address   Location    Storage File                     
                ---------  ---------  ---------  --------- ---------                
                      int   0x000001    program     static E:\Users\sng\Documents\GitHub\PIC16F887-Labs\Lab 1\Main.asm
                    START   0x000003    program     static E:\Users\sng\Documents\GitHub\PIC16F887-Labs\Lab 1\Main.asm
                    reset   0x000003    program     static E:\Users\sng\Documents\GitHub\PIC16F887-Labs\Lab 1\Main.asm
                    setup   0x000005    program     static E:\Users\sng\Documents\GitHub\PIC16F887-Labs\Lab 1\Main.asm
                     main   0x000012    program     static E:\Users\sng\Documents\GitHub\PIC16F887-Labs\Lab 1\Main.asm
              checkChange   0x00001c    program     static E:\Users\sng\Documents\GitHub\PIC16F887-Labs\Lab 1\Main.asm
                    ledOn   0x000021    program     static E:\Users\sng\Documents\GitHub\PIC16F887-Labs\Lab 1\Main.asm
                   ledOff   0x000023    program     static E:\Users\sng\Documents\GitHub\PIC16F887-Labs\Lab 1\Main.asm
                    store   0x000025    program     static E:\Users\sng\Documents\GitHub\PIC16F887-Labs\Lab 1\Main.asm
                      isr   0x00002b    program     static E:\Users\sng\Documents\GitHub\PIC16F887-Labs\Lab 1\Main.asm
                     _end   0x00002f    program     static E:\Users\sng\Documents\GitHub\PIC16F887-Labs\Lab 1\Main.asm


