MPLINK 4.35, Linker
Linker Map File - Created Mon May 29 23:14:27 2017

                                 Section Info
                  Section       Type    Address   Location Size(Bytes)
                ---------  ---------  ---------  ---------  ---------
                   .cinit    romdata   0x001800    program   0x000004
                MAIN_PROG       code   0x001802    program   0x000052



                              Program Memory Usage 
                               Start         End      
                           ---------   ---------      
                            0x001800    0x00182a      
            43 out of 8453 program addresses used, program memory utilization is 0%



                              Symbols - Sorted by Name
                     Name    Address   Location    Storage File                     
                ---------  ---------  ---------  --------- ---------                
                    START   0x001802    program     static E:\Users\sng\Documents\GitHub\PIC16F877-Labs\Lab 3 - Nibble Comparator\Lab 3.asm
                     _end   0x00182b    program     static E:\Users\sng\Documents\GitHub\PIC16F877-Labs\Lab 3 - Nibble Comparator\Lab 3.asm
               checkEqual   0x001819    program     static E:\Users\sng\Documents\GitHub\PIC16F877-Labs\Lab 3 - Nibble Comparator\Lab 3.asm
             checkGreater   0x00181d    program     static E:\Users\sng\Documents\GitHub\PIC16F877-Labs\Lab 3 - Nibble Comparator\Lab 3.asm
                  isEqual   0x001822    program     static E:\Users\sng\Documents\GitHub\PIC16F877-Labs\Lab 3 - Nibble Comparator\Lab 3.asm
                isGreater   0x001828    program     static E:\Users\sng\Documents\GitHub\PIC16F877-Labs\Lab 3 - Nibble Comparator\Lab 3.asm
                   isLess   0x001825    program     static E:\Users\sng\Documents\GitHub\PIC16F877-Labs\Lab 3 - Nibble Comparator\Lab 3.asm
                     main   0x001811    program     static E:\Users\sng\Documents\GitHub\PIC16F877-Labs\Lab 3 - Nibble Comparator\Lab 3.asm
                    setup   0x001802    program     static E:\Users\sng\Documents\GitHub\PIC16F877-Labs\Lab 3 - Nibble Comparator\Lab 3.asm



                              Symbols - Sorted by Address
                     Name    Address   Location    Storage File                     
                ---------  ---------  ---------  --------- ---------                
                    START   0x001802    program     static E:\Users\sng\Documents\GitHub\PIC16F877-Labs\Lab 3 - Nibble Comparator\Lab 3.asm
                    setup   0x001802    program     static E:\Users\sng\Documents\GitHub\PIC16F877-Labs\Lab 3 - Nibble Comparator\Lab 3.asm
                     main   0x001811    program     static E:\Users\sng\Documents\GitHub\PIC16F877-Labs\Lab 3 - Nibble Comparator\Lab 3.asm
               checkEqual   0x001819    program     static E:\Users\sng\Documents\GitHub\PIC16F877-Labs\Lab 3 - Nibble Comparator\Lab 3.asm
             checkGreater   0x00181d    program     static E:\Users\sng\Documents\GitHub\PIC16F877-Labs\Lab 3 - Nibble Comparator\Lab 3.asm
                  isEqual   0x001822    program     static E:\Users\sng\Documents\GitHub\PIC16F877-Labs\Lab 3 - Nibble Comparator\Lab 3.asm
                   isLess   0x001825    program     static E:\Users\sng\Documents\GitHub\PIC16F877-Labs\Lab 3 - Nibble Comparator\Lab 3.asm
                isGreater   0x001828    program     static E:\Users\sng\Documents\GitHub\PIC16F877-Labs\Lab 3 - Nibble Comparator\Lab 3.asm
                     _end   0x00182b    program     static E:\Users\sng\Documents\GitHub\PIC16F877-Labs\Lab 3 - Nibble Comparator\Lab 3.asm


