MPLINK 4.35, Linker
Linker Map File - Created Tue May 16 00:11:26 2017

                                 Section Info
                  Section       Type    Address   Location Size(Bytes)
                ---------  ---------  ---------  ---------  ---------
                   .org_0       code   0x000000    program   0x000002
                   .org_1       code   0x000004    program   0x000092
                   .cinit    romdata   0x001800    program   0x000004
                MAIN_PROG       code   0x001802    program   0x000000



                              Program Memory Usage 
                               Start         End      
                           ---------   ---------      
                            0x000000    0x000000      
                            0x000004    0x00004c      
                            0x001800    0x001801      
            76 out of 8453 program addresses used, program memory utilization is 0%



                              Symbols - Sorted by Name
                     Name    Address   Location    Storage File                     
                ---------  ---------  ---------  --------- ---------                
                    START   0x001802    program     static E:\Users\sng\Documents\GitHub\PIC16F877-Labs\Lab 2\Lab 2.asm
                     _end   0x00004d    program     static E:\Users\sng\Documents\GitHub\PIC16F877-Labs\Lab 2\Lab 2.asm
               innerLoop1   0x00003d    program     static E:\Users\sng\Documents\GitHub\PIC16F877-Labs\Lab 2\Lab 2.asm
               innerLoop2   0x000043    program     static E:\Users\sng\Documents\GitHub\PIC16F877-Labs\Lab 2\Lab 2.asm
                      int   0x000001    program     static E:\Users\sng\Documents\GitHub\PIC16F877-Labs\Lab 2\Lab 2.asm
                      isr   0x000049    program     static E:\Users\sng\Documents\GitHub\PIC16F877-Labs\Lab 2\Lab 2.asm
                     main   0x000025    program     static E:\Users\sng\Documents\GitHub\PIC16F877-Labs\Lab 2\Lab 2.asm
              oneSecDelay   0x00003b    program     static E:\Users\sng\Documents\GitHub\PIC16F877-Labs\Lab 2\Lab 2.asm
                    reset   0x001802    program     static E:\Users\sng\Documents\GitHub\PIC16F877-Labs\Lab 2\Lab 2.asm
               rotateLeft   0x00002d    program     static E:\Users\sng\Documents\GitHub\PIC16F877-Labs\Lab 2\Lab 2.asm
              rotateRight   0x000034    program     static E:\Users\sng\Documents\GitHub\PIC16F877-Labs\Lab 2\Lab 2.asm
                    setup   0x000005    program     static E:\Users\sng\Documents\GitHub\PIC16F877-Labs\Lab 2\Lab 2.asm
       twoFiftyMicroDelay   0x000041    program     static E:\Users\sng\Documents\GitHub\PIC16F877-Labs\Lab 2\Lab 2.asm



                              Symbols - Sorted by Address
                     Name    Address   Location    Storage File                     
                ---------  ---------  ---------  --------- ---------                
                      int   0x000001    program     static E:\Users\sng\Documents\GitHub\PIC16F877-Labs\Lab 2\Lab 2.asm
                    setup   0x000005    program     static E:\Users\sng\Documents\GitHub\PIC16F877-Labs\Lab 2\Lab 2.asm
                     main   0x000025    program     static E:\Users\sng\Documents\GitHub\PIC16F877-Labs\Lab 2\Lab 2.asm
               rotateLeft   0x00002d    program     static E:\Users\sng\Documents\GitHub\PIC16F877-Labs\Lab 2\Lab 2.asm
              rotateRight   0x000034    program     static E:\Users\sng\Documents\GitHub\PIC16F877-Labs\Lab 2\Lab 2.asm
              oneSecDelay   0x00003b    program     static E:\Users\sng\Documents\GitHub\PIC16F877-Labs\Lab 2\Lab 2.asm
               innerLoop1   0x00003d    program     static E:\Users\sng\Documents\GitHub\PIC16F877-Labs\Lab 2\Lab 2.asm
       twoFiftyMicroDelay   0x000041    program     static E:\Users\sng\Documents\GitHub\PIC16F877-Labs\Lab 2\Lab 2.asm
               innerLoop2   0x000043    program     static E:\Users\sng\Documents\GitHub\PIC16F877-Labs\Lab 2\Lab 2.asm
                      isr   0x000049    program     static E:\Users\sng\Documents\GitHub\PIC16F877-Labs\Lab 2\Lab 2.asm
                     _end   0x00004d    program     static E:\Users\sng\Documents\GitHub\PIC16F877-Labs\Lab 2\Lab 2.asm
                    START   0x001802    program     static E:\Users\sng\Documents\GitHub\PIC16F877-Labs\Lab 2\Lab 2.asm
                    reset   0x001802    program     static E:\Users\sng\Documents\GitHub\PIC16F877-Labs\Lab 2\Lab 2.asm


